[2026-06-05 15:27:10] TO: 09095332320 | MSG: Your Petron OTP code is 466135. It will expire in 5 minutes.
[2026-06-05 15:36:13] TO: 09095332320 | MSG: Your Petron OTP code is 925628. It will expire in 5 minutes.
[2026-06-05 15:40:36] TO: 09851743073 | MSG: Your Petron OTP code is 482533. It will expire in 5 minutes.
[2026-06-05 15:41:41] TO: 09851743073 | MSG: Your Petron OTP code is 799924. It will expire in 5 minutes.
[2026-06-05 15:50:38] TO: 09851743073 | MSG: Your Petron OTP code is 105693. It will expire in 5 minutes. (SIMULATED)
[2026-06-05 15:50:38] TO: 09916105744 | MSG: Your Petron OTP code is 473855. It will expire in 5 minutes. (SIMULATED)
[2026-06-05 15:56:19] TO: 09851743073 | MSG: Your Petron OTP code is 014829. It will expire in 5 minutes. (SIMULATED)
[2026-06-05 16:05:56] TO: 09851743073 | MSG: Your Petron OTP code is 680191. It will expire in 5 minutes. (SIMULATED)
[2026-06-05 16:06:45] TO: 09851743073 | MSG: Your Petron OTP code is 347632. It will expire in 5 minutes. (SIMULATED)
[2026-06-05 16:13:35] TO: 09851743073 | MSG: Your Petron OTP code is 950408. It will expire in 5 minutes. (SIMULATED)
[2026-06-05 16:14:19] TO: 09916105744 | MSG: Your Petron OTP code is 764556. It will expire in 5 minutes. (SIMULATED)
[2026-06-05 16:46:18] TO: 09851743073 | MSG: Your Petron OTP code is 564535. Valid for 5 minutes. Do not share this code. (SIMULATED)
[2026-06-05 16:47:39] TO: 09851743073 | MSG: Your Petron OTP code is 864148. Valid for 5 minutes. Do not share this code. (SIMULATED)
[2026-06-05 16:49:18] TO: 09916105744 | MSG: Your Petron OTP code is 526975. Valid for 5 minutes. Do not share this code. (SIMULATED)
[2026-06-05 16:53:02] TO: 09916105744 | MSG: Your Petron OTP code is 728310. Valid for 5 minutes. Do not share this code. (SIMULATED)
[2026-06-05 16:53:33] TO: 09916105744 | MSG: Your Petron TEST OTP code is 036830. This is a test message. (SIMULATED)
[2026-06-05 17:05:26] TO: 09916105744 | MSG: Your Petron TEST OTP code is 524728. This is a test message. (SIMULATED)
[2026-06-05 17:07:10] TO: 09851743073 | MSG: Your Petron OTP code is 951056. Valid for 5 minutes. Do not share this code. (SIMULATED)
[2026-06-05 17:09:52] TO: 09851743073 | MSG: Your Petron OTP code is 909893. Valid for 5 minutes. Do not share this code. (SIMULATED)
[2026-06-05 17:17:16] TO: 09851743073 | MSG: Your Petron OTP code is 601674. Valid for 5 minutes. Do not share this code. (SIMULATED)
[2026-06-05 17:18:48] TO: 09851743073 | MSG: Your Petron OTP code is 269131. Valid for 5 minutes. Do not share this code. (SIMULATED)
[2026-06-05 17:22:35] TO: 09851743073 | MSG: Your Petron OTP code is 414247. Valid for 5 minutes. Do not share this code. (SIMULATED)
[2026-06-05 17:29:04] TO: 09851743073 | MSG: Your Petron OTP code is 806730. Valid for 5 minutes. Do not share this code. (SIMULATED)
[2026-06-05 17:31:31] TO: 09851743073 | MSG: Your test OTP is 123456. Valid for 5 minutes. (SIMULATED)
[2026-06-05 17:31:51] TO: 09851743073 | MSG: Your Petron OTP code is 162977. Valid for 5 minutes. Do not share this code. (SIMULATED)
[2026-06-05 17:35:44] TO: 09851743073 (FAILED - TextBelt: Sorry, free SMS are disabled for this country due to abuse.) | MSG: Your test OTP is 123456. Valid for 5 minutes.
[2026-06-05 17:36:31] TO: 09123456789 | MSG: Test SMS (SIMULATED)
[2026-06-05 17:36:38] TO: 09851743073 | MSG: Test SMS (SIMULATED)
[2026-06-05 17:38:50] TO: 09851743073 | MSG: Your Petron OTP code is 889202. Valid for 5 minutes. Do not share this code. (SIMULATED)
[2026-06-05 18:48:37] TO: 09916105744 | MSG: Your Petron OTP code is 983186. Valid for 5 minutes. Do not share this code. (SIMULATED)
[2026-06-05 18:50:43] TO: 09916105744 | MSG: Your Petron OTP code is 366907. Valid for 5 minutes. Do not share this code. (SIMULATED)
[2026-06-05 18:52:26] TO: 09851743073 | MSG: Your Petron OTP code is 875310. Valid for 5 minutes. Do not share this code. (SIMULATED)
[2026-06-05 18:53:34] TO: 09851743073 | MSG: Your Petron OTP code is 679482. Valid for 5 minutes. Do not share this code. (SIMULATED)
[2026-06-05 18:55:03] TO: 09916105744 | MSG: Your Petron OTP code is 430609. Valid for 5 minutes. Do not share this code. (SIMULATED)
